// Jest Snapshot v1, https://goo.gl/fbAQLP

exports[`should render the list of poke cards, be able to update page and loading state 1`] = `
Object {
  "asFragment": [Function],
  "baseElement": <body>
    <div>
      <div
        class="compiledMon"
      >
        <div
          class="indiPoke"
        >
          <img
            class="pokeImg"
          />
          <h1
            class="name"
          />
          <span
            class="stats"
          >
            Hp: 
          </span>
          <span
            class="stats"
          >
            Attack: 
          </span>
          <span
            class="stats"
          >
            Defense: 
          </span>
          <span
            class="stats"
          >
            Sp Attack: 
          </span>
          <span
            class="stats"
          >
            Sp Defense: 
          </span>
          <span
            class="stats"
          >
            Speed: 
          </span>
        </div>
        <div
          class="indiPoke"
        >
          <img
            class="pokeImg"
          />
          <h1
            class="name"
          />
          <span
            class="stats"
          >
            Hp: 
          </span>
          <span
            class="stats"
          >
            Attack: 
          </span>
          <span
            class="stats"
          >
            Defense: 
          </span>
          <span
            class="stats"
          >
            Sp Attack: 
          </span>
          <span
            class="stats"
          >
            Sp Defense: 
          </span>
          <span
            class="stats"
          >
            Speed: 
          </span>
        </div>
      </div>
      <div
        class="button"
      >
        <button
          class="MuiButton-root MuiButton-outlined MuiButton-outlinedPrimary MuiButton-sizeMedium MuiButton-outlinedSizeMedium MuiButtonBase-root  css-1rwt2y5-MuiButtonBase-root-MuiButton-root"
          tabindex="0"
          type="button"
        >
          Previous Page
          <span
            class="MuiTouchRipple-root css-8je8zh-MuiTouchRipple-root"
          />
        </button>
        <button
          class="MuiButton-root MuiButton-outlined MuiButton-outlinedPrimary MuiButton-sizeMedium MuiButton-outlinedSizeMedium MuiButtonBase-root  css-1rwt2y5-MuiButtonBase-root-MuiButton-root"
          tabindex="0"
          type="button"
        >
          Next Page
          <span
            class="MuiTouchRipple-root css-8je8zh-MuiTouchRipple-root"
          />
        </button>
      </div>
    </div>
  </body>,
  "container": <div>
    <div
      class="compiledMon"
    >
      <div
        class="indiPoke"
      >
        <img
          class="pokeImg"
        />
        <h1
          class="name"
        />
        <span
          class="stats"
        >
          Hp: 
        </span>
        <span
          class="stats"
        >
          Attack: 
        </span>
        <span
          class="stats"
        >
          Defense: 
        </span>
        <span
          class="stats"
        >
          Sp Attack: 
        </span>
        <span
          class="stats"
        >
          Sp Defense: 
        </span>
        <span
          class="stats"
        >
          Speed: 
        </span>
      </div>
      <div
        class="indiPoke"
      >
        <img
          class="pokeImg"
        />
        <h1
          class="name"
        />
        <span
          class="stats"
        >
          Hp: 
        </span>
        <span
          class="stats"
        >
          Attack: 
        </span>
        <span
          class="stats"
        >
          Defense: 
        </span>
        <span
          class="stats"
        >
          Sp Attack: 
        </span>
        <span
          class="stats"
        >
          Sp Defense: 
        </span>
        <span
          class="stats"
        >
          Speed: 
        </span>
      </div>
    </div>
    <div
      class="button"
    >
      <button
        class="MuiButton-root MuiButton-outlined MuiButton-outlinedPrimary MuiButton-sizeMedium MuiButton-outlinedSizeMedium MuiButtonBase-root  css-1rwt2y5-MuiButtonBase-root-MuiButton-root"
        tabindex="0"
        type="button"
      >
        Previous Page
        <span
          class="MuiTouchRipple-root css-8je8zh-MuiTouchRipple-root"
        />
      </button>
      <button
        class="MuiButton-root MuiButton-outlined MuiButton-outlinedPrimary MuiButton-sizeMedium MuiButton-outlinedSizeMedium MuiButtonBase-root  css-1rwt2y5-MuiButtonBase-root-MuiButton-root"
        tabindex="0"
        type="button"
      >
        Next Page
        <span
          class="MuiTouchRipple-root css-8je8zh-MuiTouchRipple-root"
        />
      </button>
    </div>
  </div>,
  "debug": [Function],
  "findAllByAltText": [Function],
  "findAllByDisplayValue": [Function],
  "findAllByLabelText": [Function],
  "findAllByPlaceholderText": [Function],
  "findAllByRole": [Function],
  "findAllByTestId": [Function],
  "findAllByText": [Function],
  "findAllByTitle": [Function],
  "findByAltText": [Function],
  "findByDisplayValue": [Function],
  "findByLabelText": [Function],
  "findByPlaceholderText": [Function],
  "findByRole": [Function],
  "findByTestId": [Function],
  "findByText": [Function],
  "findByTitle": [Function],
  "getAllByAltText": [Function],
  "getAllByDisplayValue": [Function],
  "getAllByLabelText": [Function],
  "getAllByPlaceholderText": [Function],
  "getAllByRole": [Function],
  "getAllByTestId": [Function],
  "getAllByText": [Function],
  "getAllByTitle": [Function],
  "getByAltText": [Function],
  "getByDisplayValue": [Function],
  "getByLabelText": [Function],
  "getByPlaceholderText": [Function],
  "getByRole": [Function],
  "getByTestId": [Function],
  "getByText": [Function],
  "getByTitle": [Function],
  "queryAllByAltText": [Function],
  "queryAllByDisplayValue": [Function],
  "queryAllByLabelText": [Function],
  "queryAllByPlaceholderText": [Function],
  "queryAllByRole": [Function],
  "queryAllByTestId": [Function],
  "queryAllByText": [Function],
  "queryAllByTitle": [Function],
  "queryByAltText": [Function],
  "queryByDisplayValue": [Function],
  "queryByLabelText": [Function],
  "queryByPlaceholderText": [Function],
  "queryByRole": [Function],
  "queryByTestId": [Function],
  "queryByText": [Function],
  "queryByTitle": [Function],
  "rerender": [Function],
  "unmount": [Function],
}
`;
